empirical_event: restore verified fitted checkpoint
robust_empirical_event: restore verified fitted checkpoint
v4_corrected_full_refit: restore verified fitted checkpoint
v4_joint_support_control: restore verified fitted checkpoint
v4_bounded_support_control: fit 174,925 prior rows
conditional_duration_bounded_v2: fit 174,925 prior rows
ncr_2026_r2/empirical_event: predict complete pool
ncr_2026_r2/robust_empirical_event: predict complete pool
ncr_2026_r2/v4_corrected_full_refit: predict complete pool
ncr_2026_r2/v4_joint_support_control: predict complete pool
ncr_2026_r2/v4_bounded_support_control: predict complete pool
ncr_2026_r2/p3_corrected_full_refit: predict complete pool
ncr_2026_r2/conditional_duration_bounded_v2: predict complete pool
ncr_2026_r2/p3_conditional_duration_bounded_v2: predict complete pool
RugbyPass prior: 980 players, calibration {'att': 0.8576952242704856, 'dfn': 0.9004915702718145}
RugbyPass prior: 980 players, calibration {'att': 0.859452818605716, 'dfn': 0.9027363138607247}
RugbyPass prior: 980 players, calibration {'att': 0.8624886288233952, 'dfn': 0.904492276178199}
      slate competition  season                    cutoff                             engine   n  n_labelled  unknown_selected    xv  captain_extra  super_sub  total      mae      bias      rmse     captain                sub  assigned_role_total  assigned_role_super_sub  unknown_role_selected  selected_source_conflicts  total_lower_role_bound  total_upper_role_bound     outcome_contract
ncr_2026_r2         ncr    2026 2026-07-11T04:40:00+00:00                    empirical_event 262         262                 0 384.0           30.0       45.0  459.0 8.163725 -3.447563 12.334826 Cam Roigard Gianmarco Lucchesi                459.0                     45.0                      0                          0                   459.0                   459.0 actual_role_entry_v1
ncr_2026_r2         ncr    2026 2026-07-11T04:40:00+00:00             robust_empirical_event 262         262                 0 402.0           30.0       45.0  477.0 8.356129 -3.974839 12.536458 Cam Roigard Gianmarco Lucchesi                477.0                     45.0                      0                          0                   477.0                   477.0 actual_role_entry_v1
ncr_2026_r2         ncr    2026 2026-07-11T04:40:00+00:00            v4_corrected_full_refit 262         262                 0 485.0           92.0      195.0  772.0 8.167896 -3.408382 12.078978 Will Jordan      Henry Pollock                772.0                    195.0                      0                          0                   772.0                   772.0 actual_role_entry_v1
ncr_2026_r2         ncr    2026 2026-07-11T04:40:00+00:00           v4_joint_support_control 262         262                 0 484.0           92.0      102.0  678.0 8.182998 -3.429812 12.106886 Will Jordan        Tom Stewart                678.0                    102.0                      0                          0                   678.0                   678.0 actual_role_entry_v1
ncr_2026_r2         ncr    2026 2026-07-11T04:40:00+00:00         v4_bounded_support_control 262         262                 0 480.0           92.0      195.0  767.0 8.238660 -3.398708 12.123459 Will Jordan      Henry Pollock                767.0                    195.0                      0                          0                   767.0                   767.0 actual_role_entry_v1
ncr_2026_r2         ncr    2026 2026-07-11T04:40:00+00:00            p3_corrected_full_refit 262         262                 0 486.0           92.0       45.0  623.0 8.124801 -3.799402 12.290471 Will Jordan Gianmarco Lucchesi                623.0                     45.0                      0                          0                   623.0                   623.0 actual_role_entry_v1
ncr_2026_r2         ncr    2026 2026-07-11T04:40:00+00:00    conditional_duration_bounded_v2 262         262                 0 482.0           92.0       81.0  655.0 8.230418 -3.681629 12.264574 Will Jordan  Luke Cowan-Dickie                655.0                     81.0                      0                          0                   655.0                   655.0 actual_role_entry_v1
ncr_2026_r2         ncr    2026 2026-07-11T04:40:00+00:00 p3_conditional_duration_bounded_v2 262         262                 0 486.0           92.0       45.0  623.0 8.152091 -3.915797 12.356944 Will Jordan Gianmarco Lucchesi                623.0                     45.0                      0                          0                   623.0                   623.0 actual_role_entry_v1
ncr_2026_r2         ncr    2026 2026-07-11T04:40:00+00:00        empirical_fantasy_corrected 262         262                 0 418.0           30.0       45.0  493.0 8.392748 -4.122214 12.475564 Cam Roigard Gianmarco Lucchesi                493.0                     45.0                      0                          0                   493.0                   493.0 actual_role_entry_v1
