empirical_event: restore verified fitted checkpoint
robust_empirical_event: restore verified fitted checkpoint
v4_corrected_full_refit: restore verified fitted checkpoint
v4_joint_support_control: restore verified fitted checkpoint
conditional_duration_source_tail_v2: fit 112,457 prior rows
six_nations_2025_r2/empirical_event: predict complete pool
six_nations_2025_r2/robust_empirical_event: predict complete pool
six_nations_2025_r2/v4_corrected_full_refit: predict complete pool
six_nations_2025_r2/v4_joint_support_control: predict complete pool
six_nations_2025_r2/p3_corrected_full_refit: predict complete pool
six_nations_2025_r2/conditional_duration_source_tail_v2: predict complete pool
six_nations_2025_r2/p3_conditional_duration_source_tail_v2: predict complete pool
              slate competition  season                    cutoff                                               engine   n  n_labelled  unknown_selected    xv  captain_extra  super_sub  total      mae     bias      rmse      captain                sub  assigned_role_total  assigned_role_super_sub  unknown_role_selected  selected_source_conflicts  total_lower_role_bound  total_upper_role_bound     outcome_contract
six_nations_2025_r2 six_nations    2025 2025-02-08T14:15:00+00:00                                      empirical_event 138         138                 0 294.0           34.0       30.0  358.0 7.313133 1.883085 10.060074 Thomas Ramos        Dan Sheehan                358.0                     30.0                      0                          0                   358.0                   358.0 actual_role_entry_v1
six_nations_2025_r2 six_nations    2025 2025-02-08T14:15:00+00:00                               robust_empirical_event 138         138                 0 309.0           34.0       30.0  373.0 6.706710 0.877478  9.613071 Thomas Ramos        Dan Sheehan                373.0                     30.0                      0                          0                   373.0                   373.0 actual_role_entry_v1
six_nations_2025_r2 six_nations    2025 2025-02-08T14:15:00+00:00                              v4_corrected_full_refit 138         138                 0 303.0           23.0       21.0  347.0 7.143352 1.280356  9.788270   Jac Morgan Gianmarco Lucchesi                347.0                     21.0                      0                          0                   347.0                   347.0 actual_role_entry_v1
six_nations_2025_r2 six_nations    2025 2025-02-08T14:15:00+00:00                             v4_joint_support_control 138         138                 0 325.0           23.0       21.0  369.0 7.137641 1.326032  9.810959   Jac Morgan Gianmarco Lucchesi                369.0                     21.0                      0                          0                   369.0                   369.0 actual_role_entry_v1
six_nations_2025_r2 six_nations    2025 2025-02-08T14:15:00+00:00                              p3_corrected_full_refit 138         138                 0 330.0           34.0       30.0  394.0 6.847390 1.211885  9.587137 Thomas Ramos        Dan Sheehan                394.0                     30.0                      0                          0                   394.0                   394.0 actual_role_entry_v1
six_nations_2025_r2 six_nations    2025 2025-02-08T14:15:00+00:00                  conditional_duration_source_tail_v2 138         138                 0 326.0           34.0       21.0  381.0 7.059222 1.075806  9.735767 Thomas Ramos Gianmarco Lucchesi                381.0                     21.0                      0                          0                   381.0                   381.0 actual_role_entry_v1
six_nations_2025_r2 six_nations    2025 2025-02-08T14:15:00+00:00               p3_conditional_duration_source_tail_v2 138         138                 0 286.0           34.0       30.0  350.0 6.805470 1.079071  9.570890 Thomas Ramos        Dan Sheehan                350.0                     30.0                      0                          0                   350.0                   350.0 actual_role_entry_v1
six_nations_2025_r2 six_nations    2025 2025-02-08T14:15:00+00:00                          empirical_fantasy_corrected 138         138                 0 318.0           34.0       30.0  382.0 6.875876 0.761872  9.793345   Tom Willis        Dan Sheehan                382.0                     30.0                      0                          0                   382.0                   382.0 actual_role_entry_v1
six_nations_2025_r2 six_nations    2025 2025-02-08T14:15:00+00:00    conditional_duration_source_tail_v2_mixture_floor 138         138                 0 326.0           34.0       21.0  381.0 7.060595 1.081760  9.735946 Thomas Ramos Gianmarco Lucchesi                381.0                     21.0                      0                          0                   381.0                   381.0 actual_role_entry_v1
six_nations_2025_r2 six_nations    2025 2025-02-08T14:15:00+00:00 p3_conditional_duration_source_tail_v2_mixture_floor 138         138                 0 286.0           34.0       30.0  350.0 6.805819 1.079710  9.571027 Thomas Ramos        Dan Sheehan                350.0                     30.0                      0                          0                   350.0                   350.0 actual_role_entry_v1
