empirical_event: restore verified fitted checkpoint
robust_empirical_event: restore verified fitted checkpoint
v4_corrected_full_refit: restore verified fitted checkpoint
v4_joint_support_control: restore verified fitted checkpoint
conditional_duration_source_tail_v2: fit 156,617 prior rows
six_nations_2026_r1/empirical_event: predict complete pool
six_nations_2026_r1/robust_empirical_event: predict complete pool
six_nations_2026_r1/v4_corrected_full_refit: predict complete pool
six_nations_2026_r1/v4_joint_support_control: predict complete pool
six_nations_2026_r1/p3_corrected_full_refit: predict complete pool
six_nations_2026_r1/conditional_duration_source_tail_v2: predict complete pool
six_nations_2026_r1/p3_conditional_duration_source_tail_v2: predict complete pool
              slate competition  season                    cutoff                                               engine   n  n_labelled  unknown_selected    xv  captain_extra  super_sub  total      mae      bias      rmse        captain           sub  assigned_role_total  assigned_role_super_sub  unknown_role_selected  selected_source_conflicts  total_lower_role_bound  total_upper_role_bound     outcome_contract
six_nations_2026_r1 six_nations    2026 2026-02-05T20:10:00+00:00                                      empirical_event 138         134                 0 424.0           30.0        3.0  457.0 8.180758 -0.256940 10.271733 Antoine Dupont  Darcy Graham                457.0                      3.0                      0                          0                   457.0                   457.0 actual_role_entry_v1
six_nations_2026_r1 six_nations    2026 2026-02-05T20:10:00+00:00                               robust_empirical_event 138         134                 0 440.0           46.0        9.0  495.0 7.925144 -1.137916 10.174344   Thomas Ramos Henry Pollock                495.0                      9.0                      0                          0                   495.0                   495.0 actual_role_entry_v1
six_nations_2026_r1 six_nations    2026 2026-02-05T20:10:00+00:00                              v4_corrected_full_refit 138         134                 1   NaN           40.0        9.0    NaN 7.675258 -1.252024 10.572193   Jack Dempsey Henry Pollock                  NaN                      9.0                      0                          0                     NaN                     NaN actual_role_entry_v1
six_nations_2026_r1 six_nations    2026 2026-02-05T20:10:00+00:00                             v4_joint_support_control 138         134                 1   NaN           40.0        9.0    NaN 7.646909 -1.254026 10.500817   Jack Dempsey Henry Pollock                  NaN                      9.0                      0                          0                     NaN                     NaN actual_role_entry_v1
six_nations_2026_r1 six_nations    2026 2026-02-05T20:10:00+00:00                              p3_corrected_full_refit 138         134                 0 455.0           30.0        9.0  494.0 7.563977 -1.103540  9.856233 Antoine Dupont Henry Pollock                494.0                      9.0                      0                          0                   494.0                   494.0 actual_role_entry_v1
six_nations_2026_r1 six_nations    2026 2026-02-05T20:10:00+00:00                  conditional_duration_source_tail_v2 138         134                 0 388.0           14.0        9.0  411.0 7.683029 -1.540749 10.596535   Finn Russell Henry Pollock                411.0                      9.0                      0                          0                   411.0                   411.0 actual_role_entry_v1
six_nations_2026_r1 six_nations    2026 2026-02-05T20:10:00+00:00               p3_conditional_duration_source_tail_v2 138         134                 0 473.0           30.0        9.0  512.0 7.562302 -1.229293  9.885198 Antoine Dupont Henry Pollock                512.0                      9.0                      0                          0                   512.0                   512.0 actual_role_entry_v1
six_nations_2026_r1 six_nations    2026 2026-02-05T20:10:00+00:00                          empirical_fantasy_corrected 138         134                 0 450.0           46.0        9.0  505.0 7.998776 -1.053329 10.339967   Thomas Ramos Henry Pollock                505.0                      9.0                      0                          0                   505.0                   505.0 actual_role_entry_v1
six_nations_2026_r1 six_nations    2026 2026-02-05T20:10:00+00:00    conditional_duration_source_tail_v2_mixture_floor 138         134                 0 388.0           14.0        9.0  411.0 7.684068 -1.533344 10.596426   Finn Russell Henry Pollock                411.0                      9.0                      0                          0                   411.0                   411.0 actual_role_entry_v1
six_nations_2026_r1 six_nations    2026 2026-02-05T20:10:00+00:00 p3_conditional_duration_source_tail_v2_mixture_floor 138         134                 0 473.0           30.0        9.0  512.0 7.562464 -1.228612  9.885240 Antoine Dupont Henry Pollock                512.0                      9.0                      0                          0                   512.0                   512.0 actual_role_entry_v1
