empirical_event: restore verified fitted checkpoint
robust_empirical_event: restore verified fitted checkpoint
v4_corrected_full_refit: restore verified fitted checkpoint
v4_joint_support_control: restore verified fitted checkpoint
v4_bounded_support_control: fit 159,975 prior rows
conditional_duration_bounded_v2: fit 159,975 prior rows
six_nations_2026_r4/empirical_event: predict complete pool
six_nations_2026_r4/robust_empirical_event: predict complete pool
six_nations_2026_r4/v4_corrected_full_refit: predict complete pool
six_nations_2026_r4/v4_joint_support_control: predict complete pool
six_nations_2026_r4/v4_bounded_support_control: predict complete pool
six_nations_2026_r4/p3_corrected_full_refit: predict complete pool
six_nations_2026_r4/conditional_duration_bounded_v2: predict complete pool
six_nations_2026_r4/p3_conditional_duration_bounded_v2: predict complete pool
              slate competition  season                    cutoff                                           engine   n  n_labelled  unknown_selected    xv  captain_extra  super_sub  total      mae      bias      rmse           captain           sub  assigned_role_total  assigned_role_super_sub  unknown_role_selected  selected_source_conflicts  total_lower_role_bound  total_upper_role_bound     outcome_contract
six_nations_2026_r4 six_nations    2026 2026-03-06T20:10:00+00:00                                  empirical_event 138         138                 0 370.0           21.0       27.0  418.0 7.023141 -0.335101 10.090991    Antoine Dupont   Ewan Ashman                418.0                     27.0                      0                          0                   418.0                   418.0 actual_role_entry_v1
six_nations_2026_r4 six_nations    2026 2026-03-06T20:10:00+00:00                           robust_empirical_event 138         138                 0 425.0           14.0        0.0  439.0 6.902524 -0.918666 10.002713 Matthieu Jalibert Henry Pollock                439.0                      0.0                      0                          0                   439.0                   439.0 actual_role_entry_v1
six_nations_2026_r4 six_nations    2026 2026-03-06T20:10:00+00:00                          v4_corrected_full_refit 138         138                 0 376.0           14.0        9.0  399.0 7.120470 -1.077276 10.388485 Matthieu Jalibert   Tom Stewart                399.0                      9.0                      0                          0                   399.0                   399.0 actual_role_entry_v1
six_nations_2026_r4 six_nations    2026 2026-03-06T20:10:00+00:00                         v4_joint_support_control 138         138                 0 369.0           14.0        0.0  383.0 7.192140 -1.072746 10.477184 Matthieu Jalibert Henry Pollock                383.0                      0.0                      0                          0                   383.0                   383.0 actual_role_entry_v1
six_nations_2026_r4 six_nations    2026 2026-03-06T20:10:00+00:00                       v4_bounded_support_control 138         138                 0 369.0           14.0        0.0  383.0 7.130827 -1.092126 10.408974 Matthieu Jalibert Henry Pollock                383.0                      0.0                      0                          0                   383.0                   383.0 actual_role_entry_v1
six_nations_2026_r4 six_nations    2026 2026-03-06T20:10:00+00:00                          p3_corrected_full_refit 138         138                 0 393.0           14.0        0.0  407.0 6.942106 -0.904078 10.100991 Matthieu Jalibert Henry Pollock                407.0                      0.0                      0                          0                   407.0                   407.0 actual_role_entry_v1
six_nations_2026_r4 six_nations    2026 2026-03-06T20:10:00+00:00                  conditional_duration_bounded_v2 138         138                 0 396.0           14.0        9.0  419.0 7.072177 -1.322360 10.344500 Matthieu Jalibert   Tom Stewart                419.0                      9.0                      0                          0                   419.0                   419.0 actual_role_entry_v1
six_nations_2026_r4 six_nations    2026 2026-03-06T20:10:00+00:00               p3_conditional_duration_bounded_v2 138         138                 0 401.0           14.0        0.0  415.0 6.929071 -1.021014 10.111521 Matthieu Jalibert Henry Pollock                415.0                      0.0                      0                          0                   415.0                   415.0 actual_role_entry_v1
six_nations_2026_r4 six_nations    2026 2026-03-06T20:10:00+00:00                      empirical_fantasy_corrected 138         138                 0 471.0           45.0        0.0  516.0 6.988104 -1.565601 10.124734      Thomas Ramos Henry Pollock                516.0                      0.0                      0                          0                   516.0                   516.0 actual_role_entry_v1
six_nations_2026_r4 six_nations    2026 2026-03-06T20:10:00+00:00    conditional_duration_bounded_v2_mixture_floor 138         138                 0 396.0           14.0        9.0  419.0 7.074317 -1.315550 10.344648 Matthieu Jalibert   Tom Stewart                419.0                      9.0                      0                          0                   419.0                   419.0 actual_role_entry_v1
six_nations_2026_r4 six_nations    2026 2026-03-06T20:10:00+00:00 p3_conditional_duration_bounded_v2_mixture_floor 138         138                 0 401.0           14.0        0.0  415.0 6.929328 -1.020527 10.111623 Matthieu Jalibert Henry Pollock                415.0                      0.0                      0                          0                   415.0                   415.0 actual_role_entry_v1
