empirical_event: restore verified fitted checkpoint
robust_empirical_event: restore verified fitted checkpoint
v4_corrected_full_refit: restore verified fitted checkpoint
v4_joint_support_control: restore verified fitted checkpoint
v4_bounded_support_control: fit 111,859 prior rows
conditional_duration_bounded_v2: fit 111,859 prior rows
six_nations_2025_r1/empirical_event: predict complete pool
six_nations_2025_r1/robust_empirical_event: predict complete pool
six_nations_2025_r1/v4_corrected_full_refit: predict complete pool
six_nations_2025_r1/v4_joint_support_control: predict complete pool
six_nations_2025_r1/v4_bounded_support_control: predict complete pool
six_nations_2025_r1/p3_corrected_full_refit: predict complete pool
six_nations_2025_r1/conditional_duration_bounded_v2: predict complete pool
six_nations_2025_r1/p3_conditional_duration_bounded_v2: predict complete pool
              slate competition  season                    cutoff                                           engine   n  n_labelled  unknown_selected    xv  captain_extra  super_sub  total      mae      bias      rmse        captain         sub  assigned_role_total  assigned_role_super_sub  unknown_role_selected  selected_source_conflicts  total_lower_role_bound  total_upper_role_bound     outcome_contract
six_nations_2025_r1 six_nations    2025 2025-01-31T20:15:00+00:00                                  empirical_event 138         132                 0 418.0           37.0       15.0  470.0 6.895105 -2.689780 10.124446   Thomas Ramos  Tom Willis                470.0                     15.0                      0                          0                   470.0                   470.0 actual_role_entry_v1
six_nations_2025_r1 six_nations    2025 2025-01-31T20:15:00+00:00                           robust_empirical_event 138         132                 0 418.0           37.0       75.0  530.0 7.028851 -3.314481 10.357517   Thomas Ramos Dan Sheehan                530.0                     75.0                      0                          0                   530.0                   530.0 actual_role_entry_v1
six_nations_2025_r1 six_nations    2025 2025-01-31T20:15:00+00:00                          v4_corrected_full_refit 138         132                 0 483.0           31.0       15.0  529.0 6.927314 -3.179259 10.361605 Antoine Dupont  Tom Willis                529.0                     15.0                      0                          0                   529.0                   529.0 actual_role_entry_v1
six_nations_2025_r1 six_nations    2025 2025-01-31T20:15:00+00:00                         v4_joint_support_control 138         132                 0 482.0           31.0       15.0  528.0 6.898420 -3.192510 10.357457 Antoine Dupont  Tom Willis                528.0                     15.0                      0                          0                   528.0                   528.0 actual_role_entry_v1
six_nations_2025_r1 six_nations    2025 2025-01-31T20:15:00+00:00                       v4_bounded_support_control 138         132                 0 494.0           31.0       15.0  540.0 6.928996 -3.226301 10.383524 Antoine Dupont  Tom Willis                540.0                     15.0                      0                          0                   540.0                   540.0 actual_role_entry_v1
six_nations_2025_r1 six_nations    2025 2025-01-31T20:15:00+00:00                          p3_corrected_full_refit 138         132                 0 440.0           31.0       75.0  546.0 6.882565 -3.133515 10.185137 Antoine Dupont Dan Sheehan                546.0                     75.0                      0                          0                   546.0                   546.0 actual_role_entry_v1
six_nations_2025_r1 six_nations    2025 2025-01-31T20:15:00+00:00                  conditional_duration_bounded_v2 138         132                 0 494.0           41.0       15.0  550.0 6.945543 -3.453698 10.452790   Darcy Graham  Tom Willis                550.0                     15.0                      0                          0                   550.0                   550.0 actual_role_entry_v1
six_nations_2025_r1 six_nations    2025 2025-01-31T20:15:00+00:00               p3_conditional_duration_bounded_v2 138         132                 0 440.0           37.0       75.0  552.0 6.920640 -3.271637 10.238426   Thomas Ramos Dan Sheehan                552.0                     75.0                      0                          0                   552.0                   552.0 actual_role_entry_v1
six_nations_2025_r1 six_nations    2025 2025-01-31T20:15:00+00:00                      empirical_fantasy_corrected 138         132                 0 450.0           37.0       15.0  502.0 6.782401 -2.002066  9.943181   Thomas Ramos  Tom Willis                502.0                     15.0                      0                          0                   502.0                   502.0 actual_role_entry_v1
six_nations_2025_r1 six_nations    2025 2025-01-31T20:15:00+00:00    conditional_duration_bounded_v2_mixture_floor 138         132                 0 494.0           41.0       15.0  550.0 6.945331 -3.447127 10.451745   Darcy Graham  Tom Willis                550.0                     15.0                      0                          0                   550.0                   550.0 actual_role_entry_v1
six_nations_2025_r1 six_nations    2025 2025-01-31T20:15:00+00:00 p3_conditional_duration_bounded_v2_mixture_floor 138         132                 0 440.0           37.0       75.0  552.0 6.920663 -3.270806 10.238427   Thomas Ramos Dan Sheehan                552.0                     75.0                      0                          0                   552.0                   552.0 actual_role_entry_v1
