empirical_event: restore verified fitted checkpoint
robust_empirical_event: restore verified fitted checkpoint
v4_corrected_full_refit: restore verified fitted checkpoint
v4_joint_support_control: restore verified fitted checkpoint
conditional_duration_source_tail_v2: fit 160,757 prior rows
six_nations_2026_r5/empirical_event: predict complete pool
six_nations_2026_r5/robust_empirical_event: predict complete pool
six_nations_2026_r5/v4_corrected_full_refit: predict complete pool
six_nations_2026_r5/v4_joint_support_control: predict complete pool
six_nations_2026_r5/p3_corrected_full_refit: predict complete pool
six_nations_2026_r5/conditional_duration_source_tail_v2: predict complete pool
six_nations_2026_r5/p3_conditional_duration_source_tail_v2: predict complete pool
              slate competition  season                    cutoff                                               engine   n  n_labelled  unknown_selected    xv  captain_extra  super_sub  total      mae      bias     rmse           captain           sub  assigned_role_total  assigned_role_super_sub  unknown_role_selected  selected_source_conflicts  total_lower_role_bound  total_upper_role_bound     outcome_contract
six_nations_2026_r5 six_nations    2026 2026-03-14T14:10:00+00:00                                      empirical_event 138         138                 0 494.0           30.0       42.0  566.0 6.893722 -1.028518 9.732799    Antoine Dupont   Ewan Ashman                566.0                     42.0                      0                          0                   566.0                   566.0 actual_role_entry_v1
six_nations_2026_r5 six_nations    2026 2026-03-14T14:10:00+00:00                               robust_empirical_event 138         138                 0 505.0           44.0       24.0  573.0 6.890022 -1.491633 9.814437 Matthieu Jalibert Henry Pollock                573.0                     24.0                      0                          0                   573.0                   573.0 actual_role_entry_v1
six_nations_2026_r5 six_nations    2026 2026-03-14T14:10:00+00:00                              v4_corrected_full_refit 138         138                 0 516.0           44.0       24.0  584.0 6.652116 -1.305491 9.377959 Matthieu Jalibert Henry Pollock                584.0                     24.0                      0                          0                   584.0                   584.0 actual_role_entry_v1
six_nations_2026_r5 six_nations    2026 2026-03-14T14:10:00+00:00                             v4_joint_support_control 138         138                 0 516.0           30.0       24.0  570.0 6.666186 -1.340476 9.384701    Antoine Dupont Henry Pollock                570.0                     24.0                      0                          0                   570.0                   570.0 actual_role_entry_v1
six_nations_2026_r5 six_nations    2026 2026-03-14T14:10:00+00:00                              p3_corrected_full_refit 138         138                 0 500.0           44.0       24.0  568.0 6.683735 -1.298800 9.489971 Matthieu Jalibert Henry Pollock                568.0                     24.0                      0                          0                   568.0                   568.0 actual_role_entry_v1
six_nations_2026_r5 six_nations    2026 2026-03-14T14:10:00+00:00                  conditional_duration_source_tail_v2 138         138                 0 525.0           44.0       24.0  593.0 6.658901 -1.603583 9.507794 Matthieu Jalibert Henry Pollock                593.0                     24.0                      0                          0                   593.0                   593.0 actual_role_entry_v1
six_nations_2026_r5 six_nations    2026 2026-03-14T14:10:00+00:00               p3_conditional_duration_source_tail_v2 138         138                 0 505.0           44.0       42.0  591.0 6.690014 -1.443433 9.542441 Matthieu Jalibert   Ewan Ashman                591.0                     42.0                      0                          0                   591.0                   591.0 actual_role_entry_v1
six_nations_2026_r5 six_nations    2026 2026-03-14T14:10:00+00:00                          empirical_fantasy_corrected 138         138                 0 470.0           30.0       24.0  524.0 6.781947 -2.157849 9.948021      Thomas Ramos Henry Pollock                524.0                     24.0                      0                          0                   524.0                   524.0 actual_role_entry_v1
six_nations_2026_r5 six_nations    2026 2026-03-14T14:10:00+00:00    conditional_duration_source_tail_v2_mixture_floor 138         138                 0 525.0           44.0       24.0  593.0 6.660876 -1.596106 9.507697 Matthieu Jalibert Henry Pollock                593.0                     24.0                      0                          0                   593.0                   593.0 actual_role_entry_v1
six_nations_2026_r5 six_nations    2026 2026-03-14T14:10:00+00:00 p3_conditional_duration_source_tail_v2_mixture_floor 138         138                 0 505.0           44.0       42.0  591.0 6.690135 -1.442558 9.542027 Matthieu Jalibert   Ewan Ashman                591.0                     42.0                      0                          0                   591.0                   591.0 actual_role_entry_v1
