empirical_event: restore verified fitted checkpoint
robust_empirical_event: restore verified fitted checkpoint
v4_corrected_full_refit: restore verified fitted checkpoint
v4_joint_support_control: restore verified fitted checkpoint
conditional_duration_source_tail_v2: fit 117,057 prior rows
six_nations_2025_r5/empirical_event: predict complete pool
six_nations_2025_r5/robust_empirical_event: predict complete pool
six_nations_2025_r5/v4_corrected_full_refit: predict complete pool
six_nations_2025_r5/v4_joint_support_control: predict complete pool
six_nations_2025_r5/p3_corrected_full_refit: predict complete pool
six_nations_2025_r5/conditional_duration_source_tail_v2: predict complete pool
six_nations_2025_r5/p3_conditional_duration_source_tail_v2: predict complete pool
              slate competition  season                    cutoff                                               engine   n  n_labelled  unknown_selected    xv  captain_extra  super_sub  total      mae      bias      rmse      captain        sub  assigned_role_total  assigned_role_super_sub  unknown_role_selected  selected_source_conflicts  total_lower_role_bound  total_upper_role_bound     outcome_contract
six_nations_2025_r5 six_nations    2025 2025-03-15T14:15:00+00:00                                      empirical_event 138         138                 0 381.0           36.0       66.0  483.0 7.525157 -0.500844 11.278511 Thomas Ramos Tom Willis                483.0                     66.0                      0                          0                   483.0                   483.0 actual_role_entry_v1
six_nations_2025_r5 six_nations    2025 2025-03-15T14:15:00+00:00                               robust_empirical_event 138         138                 0 432.0           36.0       66.0  534.0 7.604411 -1.131059 11.439852 Thomas Ramos Tom Willis                534.0                     66.0                      0                          0                   534.0                   534.0 actual_role_entry_v1
six_nations_2025_r5 six_nations    2025 2025-03-15T14:15:00+00:00                              v4_corrected_full_refit 138         138                 0 391.0            7.0       66.0  464.0 7.510139 -1.301998 11.265418   James Lowe Tom Willis                464.0                     66.0                      0                          0                   464.0                   464.0 actual_role_entry_v1
six_nations_2025_r5 six_nations    2025 2025-03-15T14:15:00+00:00                             v4_joint_support_control 138         138                 0 384.0           20.0       66.0  470.0 7.514701 -1.321167 11.262929 Caelan Doris Tom Willis                470.0                     66.0                      0                          0                   470.0                   470.0 actual_role_entry_v1
six_nations_2025_r5 six_nations    2025 2025-03-15T14:15:00+00:00                              p3_corrected_full_refit 138         138                 0 403.0           36.0       66.0  505.0 7.413180 -1.078583 11.260289 Thomas Ramos Tom Willis                505.0                     66.0                      0                          0                   505.0                   505.0 actual_role_entry_v1
six_nations_2025_r5 six_nations    2025 2025-03-15T14:15:00+00:00                  conditional_duration_source_tail_v2 138         138                 0 374.0            7.0       66.0  447.0 7.475255 -1.593532 11.287062   James Lowe Tom Willis                447.0                     66.0                      0                          0                   447.0                   447.0 actual_role_entry_v1
six_nations_2025_r5 six_nations    2025 2025-03-15T14:15:00+00:00               p3_conditional_duration_source_tail_v2 138         138                 0 415.0           36.0       66.0  517.0 7.427269 -1.207720 11.279714 Thomas Ramos Tom Willis                517.0                     66.0                      0                          0                   517.0                   517.0 actual_role_entry_v1
six_nations_2025_r5 six_nations    2025 2025-03-15T14:15:00+00:00                          empirical_fantasy_corrected 138         138                 0 432.0           36.0       66.0  534.0 7.407392 -1.015412 11.284267 Thomas Ramos Tom Willis                534.0                     66.0                      0                          0                   534.0                   534.0 actual_role_entry_v1
six_nations_2025_r5 six_nations    2025 2025-03-15T14:15:00+00:00    conditional_duration_source_tail_v2_mixture_floor 138         138                 0 374.0            7.0       66.0  447.0 7.474775 -1.587935 11.285765   James Lowe Tom Willis                447.0                     66.0                      0                          0                   447.0                   447.0 actual_role_entry_v1
six_nations_2025_r5 six_nations    2025 2025-03-15T14:15:00+00:00 p3_conditional_duration_source_tail_v2_mixture_floor 138         138                 0 415.0           36.0       66.0  517.0 7.427243 -1.207398 11.279596 Thomas Ramos Tom Willis                517.0                     66.0                      0                          0                   517.0                   517.0 actual_role_entry_v1
