empirical_event: restore verified fitted checkpoint
robust_empirical_event: restore verified fitted checkpoint
v4_corrected_full_refit: restore verified fitted checkpoint
v4_joint_support_control: restore verified fitted checkpoint
conditional_duration_source_tail_v2: fit 157,491 prior rows
six_nations_2026_r2/empirical_event: predict complete pool
six_nations_2026_r2/robust_empirical_event: predict complete pool
six_nations_2026_r2/v4_corrected_full_refit: predict complete pool
six_nations_2026_r2/v4_joint_support_control: predict complete pool
six_nations_2026_r2/p3_corrected_full_refit: predict complete pool
six_nations_2026_r2/conditional_duration_source_tail_v2: predict complete pool
six_nations_2026_r2/p3_conditional_duration_source_tail_v2: predict complete pool
              slate competition  season                    cutoff                                               engine   n  n_labelled  unknown_selected    xv  captain_extra  super_sub  total      mae      bias      rmse           captain           sub  assigned_role_total  assigned_role_super_sub  unknown_role_selected  selected_source_conflicts  total_lower_role_bound  total_upper_role_bound     outcome_contract
six_nations_2026_r2 six_nations    2026 2026-02-14T14:10:00+00:00                                      empirical_event 138         131                 0 401.0           33.0       66.0  500.0 7.517240 -0.726714 10.697290    Antoine Dupont Henry Pollock                500.0                     66.0                      0                          0                   500.0                   500.0 actual_role_entry_v1
six_nations_2026_r2 six_nations    2026 2026-02-14T14:10:00+00:00                               robust_empirical_event 138         131                 0 443.0           33.0       66.0  542.0 7.550302 -1.317164 10.820537    Antoine Dupont Henry Pollock                542.0                     66.0                      0                          0                   542.0                   542.0 actual_role_entry_v1
six_nations_2026_r2 six_nations    2026 2026-02-14T14:10:00+00:00                              v4_corrected_full_refit 138         131                 0 441.0           33.0       12.0  486.0 7.603113 -1.443672 10.531003    Antoine Dupont  David Odiase                486.0                     12.0                      0                          0                   486.0                   486.0 actual_role_entry_v1
six_nations_2026_r2 six_nations    2026 2026-02-14T14:10:00+00:00                             v4_joint_support_control 138         131                 0 441.0           33.0       66.0  540.0 7.619082 -1.447000 10.582108    Antoine Dupont Henry Pollock                540.0                     66.0                      0                          0                   540.0                   540.0 actual_role_entry_v1
six_nations_2026_r2 six_nations    2026 2026-02-14T14:10:00+00:00                              p3_corrected_full_refit 138         131                 0 464.0           33.0       66.0  563.0 7.613947 -1.254035 10.740582    Antoine Dupont Henry Pollock                563.0                     66.0                      0                          0                   563.0                   563.0 actual_role_entry_v1
six_nations_2026_r2 six_nations    2026 2026-02-14T14:10:00+00:00                  conditional_duration_source_tail_v2 138         131                 0 453.0           87.0       12.0  552.0 7.608220 -1.675971 10.565981 Matthieu Jalibert  David Odiase                552.0                     12.0                      0                          0                   552.0                   552.0 actual_role_entry_v1
six_nations_2026_r2 six_nations    2026 2026-02-14T14:10:00+00:00               p3_conditional_duration_source_tail_v2 138         131                 0 462.0           33.0       66.0  561.0 7.622223 -1.372538 10.765855    Antoine Dupont Henry Pollock                561.0                     66.0                      0                          0                   561.0                   561.0 actual_role_entry_v1
six_nations_2026_r2 six_nations    2026 2026-02-14T14:10:00+00:00                          empirical_fantasy_corrected 138         131                 0 433.0           48.0       66.0  547.0 7.419589 -2.198534 10.770549      Thomas Ramos Henry Pollock                547.0                     66.0                      0                          0                   547.0                   547.0 actual_role_entry_v1
six_nations_2026_r2 six_nations    2026 2026-02-14T14:10:00+00:00    conditional_duration_source_tail_v2_mixture_floor 138         131                 0 453.0           87.0       12.0  552.0 7.609248 -1.669435 10.565424 Matthieu Jalibert  David Odiase                552.0                     12.0                      0                          0                   552.0                   552.0 actual_role_entry_v1
six_nations_2026_r2 six_nations    2026 2026-02-14T14:10:00+00:00 p3_conditional_duration_source_tail_v2_mixture_floor 138         131                 0 462.0           33.0       66.0  561.0 7.622036 -1.371941 10.765696    Antoine Dupont Henry Pollock                561.0                     66.0                      0                          0                   561.0                   561.0 actual_role_entry_v1
