empirical_event: restore verified fitted checkpoint
robust_empirical_event: restore verified fitted checkpoint
v4_corrected_full_refit: restore verified fitted checkpoint
v4_joint_support_control: restore verified fitted checkpoint
conditional_duration_source_tail_v2: fit 114,343 prior rows
six_nations_2025_r3/empirical_event: predict complete pool
six_nations_2025_r3/robust_empirical_event: predict complete pool
six_nations_2025_r3/v4_corrected_full_refit: predict complete pool
six_nations_2025_r3/v4_joint_support_control: predict complete pool
six_nations_2025_r3/p3_corrected_full_refit: predict complete pool
six_nations_2025_r3/conditional_duration_source_tail_v2: predict complete pool
six_nations_2025_r3/p3_conditional_duration_source_tail_v2: predict complete pool
              slate competition  season                    cutoff                                               engine   n  n_labelled  unknown_selected    xv  captain_extra  super_sub  total      mae      bias      rmse              captain         sub  assigned_role_total  assigned_role_super_sub  unknown_role_selected  selected_source_conflicts  total_lower_role_bound  total_upper_role_bound     outcome_contract
six_nations_2025_r3 six_nations    2025 2025-02-22T14:15:00+00:00                                      empirical_event 138         138                 0 378.0           36.0        3.0  417.0 7.561744  0.129943 11.024006         Thomas Ramos Ewan Ashman                417.0                      3.0                      0                          0                   417.0                   417.0 actual_role_entry_v1
six_nations_2025_r3 six_nations    2025 2025-02-22T14:15:00+00:00                               robust_empirical_event 138         138                 0 369.0           36.0        3.0  408.0 7.408281 -0.695039 10.913882         Thomas Ramos Ewan Ashman                408.0                      3.0                      0                          0                   408.0                   408.0 actual_role_entry_v1
six_nations_2025_r3 six_nations    2025 2025-02-22T14:15:00+00:00                              v4_corrected_full_refit 138         138                 0 457.0           37.0        3.0  497.0 6.897711 -0.901914 10.046059 Louis Bielle-Biarrey Ewan Ashman                497.0                      3.0                      0                          0                   497.0                   497.0 actual_role_entry_v1
six_nations_2025_r3 six_nations    2025 2025-02-22T14:15:00+00:00                             v4_joint_support_control 138         138                 0 457.0           36.0        3.0  496.0 6.881496 -0.913215 10.043674         Thomas Ramos Ewan Ashman                496.0                      3.0                      0                          0                   496.0                   496.0 actual_role_entry_v1
six_nations_2025_r3 six_nations    2025 2025-02-22T14:15:00+00:00                              p3_corrected_full_refit 138         138                 0 393.0           36.0        3.0  432.0 7.274471 -0.648299 10.693738         Thomas Ramos Ewan Ashman                432.0                      3.0                      0                          0                   432.0                   432.0 actual_role_entry_v1
six_nations_2025_r3 six_nations    2025 2025-02-22T14:15:00+00:00                  conditional_duration_source_tail_v2 138         138                 0 457.0           36.0        3.0  496.0 6.910717 -1.150845 10.228075         Thomas Ramos Ewan Ashman                496.0                      3.0                      0                          0                   496.0                   496.0 actual_role_entry_v1
six_nations_2025_r3 six_nations    2025 2025-02-22T14:15:00+00:00               p3_conditional_duration_source_tail_v2 138         138                 0 393.0           36.0        3.0  432.0 7.262888 -0.763667 10.737219         Thomas Ramos Ewan Ashman                432.0                      3.0                      0                          0                   432.0                   432.0 actual_role_entry_v1
six_nations_2025_r3 six_nations    2025 2025-02-22T14:15:00+00:00                          empirical_fantasy_corrected 138         138                 0 382.0           36.0       33.0  451.0 6.999373 -1.048441 10.419688         Thomas Ramos  Bundee Aki                451.0                     33.0                      0                          0                   451.0                   451.0 actual_role_entry_v1
six_nations_2025_r3 six_nations    2025 2025-02-22T14:15:00+00:00    conditional_duration_source_tail_v2_mixture_floor 138         138                 0 457.0           36.0        3.0  496.0 6.909545 -1.145996 10.227474         Thomas Ramos Ewan Ashman                496.0                      3.0                      0                          0                   496.0                   496.0 actual_role_entry_v1
six_nations_2025_r3 six_nations    2025 2025-02-22T14:15:00+00:00 p3_conditional_duration_source_tail_v2_mixture_floor 138         138                 0 393.0           36.0        3.0  432.0 7.262620 -0.763521 10.737001         Thomas Ramos Ewan Ashman                432.0                      3.0                      0                          0                   432.0                   432.0 actual_role_entry_v1
