empirical_event: restore verified fitted checkpoint
robust_empirical_event: restore verified fitted checkpoint
v4_corrected_full_refit: restore verified fitted checkpoint
v4_joint_support_control: restore verified fitted checkpoint
v4_bounded_support_control: fit 145,577 prior rows
conditional_duration_bounded_v2: fit 145,577 prior rows
friendly_8518336/empirical_event: predict complete pool
friendly_8518336/robust_empirical_event: predict complete pool
friendly_8518336/v4_corrected_full_refit: predict complete pool
friendly_8518336/v4_joint_support_control: predict complete pool
friendly_8518336/v4_bounded_support_control: predict complete pool
friendly_8518336/p3_corrected_full_refit: predict complete pool
friendly_8518336/conditional_duration_bounded_v2: predict complete pool
friendly_8518336/p3_conditional_duration_bounded_v2: predict complete pool
friendly_8518345/empirical_event: predict complete pool
friendly_8518345/robust_empirical_event: predict complete pool
friendly_8518345/v4_corrected_full_refit: predict complete pool
friendly_8518345/v4_joint_support_control: predict complete pool
friendly_8518345/v4_bounded_support_control: predict complete pool
friendly_8518345/p3_corrected_full_refit: predict complete pool
friendly_8518345/conditional_duration_bounded_v2: predict complete pool
friendly_8518345/p3_conditional_duration_bounded_v2: predict complete pool
