empirical_event: restore verified fitted checkpoint
robust_empirical_event: restore verified fitted checkpoint
v4_corrected_full_refit: restore verified fitted checkpoint
v4_joint_support_control: restore verified fitted checkpoint
v4_bounded_support_control: fit 116,367 prior rows
conditional_duration_bounded_v2: fit 116,367 prior rows
six_nations_2025_r4/empirical_event: predict complete pool
six_nations_2025_r4/robust_empirical_event: predict complete pool
six_nations_2025_r4/v4_corrected_full_refit: predict complete pool
six_nations_2025_r4/v4_joint_support_control: predict complete pool
six_nations_2025_r4/v4_bounded_support_control: predict complete pool
six_nations_2025_r4/p3_corrected_full_refit: predict complete pool
six_nations_2025_r4/conditional_duration_bounded_v2: predict complete pool
six_nations_2025_r4/p3_conditional_duration_bounded_v2: predict complete pool
              slate competition  season                    cutoff                                           engine   n  n_labelled  unknown_selected    xv  captain_extra  super_sub  total      mae      bias      rmse             captain          sub  assigned_role_total  assigned_role_super_sub  unknown_role_selected  selected_source_conflicts  total_lower_role_bound  total_upper_role_bound     outcome_contract
six_nations_2025_r4 six_nations    2025 2025-03-08T14:15:00+00:00                                  empirical_event 138         138                 0 397.0           40.0       48.0  485.0 7.899745 -2.124178 10.849785          Tom Willis    Dewi Lake                485.0                     48.0                      0                          0                   485.0                   485.0 actual_role_entry_v1
six_nations_2025_r4 six_nations    2025 2025-03-08T14:15:00+00:00                           robust_empirical_event 138         138                 0 397.0           28.0       48.0  473.0 7.850272 -2.845396 10.881645 Duhan van der Merwe    Dewi Lake                473.0                     48.0                      0                          0                   473.0                   473.0 actual_role_entry_v1
six_nations_2025_r4 six_nations    2025 2025-03-08T14:15:00+00:00                          v4_corrected_full_refit 138         138                 0 410.0           14.0      108.0  532.0 7.842140 -3.111992 10.822872    Gregory Alldritt Marcus Smith                532.0                    108.0                      0                          0                   532.0                   532.0 actual_role_entry_v1
six_nations_2025_r4 six_nations    2025 2025-03-08T14:15:00+00:00                         v4_joint_support_control 138         138                 0 376.0           40.0      108.0  524.0 7.913692 -3.099467 10.897390          Tom Willis Marcus Smith                524.0                    108.0                      0                          0                   524.0                   524.0 actual_role_entry_v1
six_nations_2025_r4 six_nations    2025 2025-03-08T14:15:00+00:00                       v4_bounded_support_control 138         138                 0 376.0           40.0      108.0  524.0 7.874944 -3.060730 10.880166          Tom Willis Marcus Smith                524.0                    108.0                      0                          0                   524.0                   524.0 actual_role_entry_v1
six_nations_2025_r4 six_nations    2025 2025-03-08T14:15:00+00:00                          p3_corrected_full_refit 138         138                 0 398.0           28.0       48.0  474.0 7.788973 -2.842677 10.827843 Duhan van der Merwe    Dewi Lake                474.0                     48.0                      0                          0                   474.0                   474.0 actual_role_entry_v1
six_nations_2025_r4 six_nations    2025 2025-03-08T14:15:00+00:00                  conditional_duration_bounded_v2 138         138                 0 370.0           14.0       48.0  432.0 7.920357 -3.319266 10.981056    Gregory Alldritt    Dewi Lake                432.0                     48.0                      0                          0                   432.0                   432.0 actual_role_entry_v1
six_nations_2025_r4 six_nations    2025 2025-03-08T14:15:00+00:00               p3_conditional_duration_bounded_v2 138         138                 0 442.0           28.0       48.0  518.0 7.816598 -2.939502 10.877046 Duhan van der Merwe    Dewi Lake                518.0                     48.0                      0                          0                   518.0                   518.0 actual_role_entry_v1
six_nations_2025_r4 six_nations    2025 2025-03-08T14:15:00+00:00                      empirical_fantasy_corrected 138         138                 0 405.0           28.0      108.0  541.0 7.774974 -2.851396 10.679830 Duhan van der Merwe Marcus Smith                541.0                    108.0                      0                          0                   541.0                   541.0 actual_role_entry_v1
six_nations_2025_r4 six_nations    2025 2025-03-08T14:15:00+00:00    conditional_duration_bounded_v2_mixture_floor 138         138                 0 370.0           14.0       48.0  432.0 7.919409 -3.312856 10.977945    Gregory Alldritt    Dewi Lake                432.0                     48.0                      0                          0                   432.0                   432.0 actual_role_entry_v1
six_nations_2025_r4 six_nations    2025 2025-03-08T14:15:00+00:00 p3_conditional_duration_bounded_v2_mixture_floor 138         138                 0 442.0           28.0       48.0  518.0 7.816543 -2.939310 10.876979 Duhan van der Merwe    Dewi Lake                518.0                     48.0                      0                          0                   518.0                   518.0 actual_role_entry_v1
