empirical_event: restore verified fitted checkpoint
robust_empirical_event: restore verified fitted checkpoint
v4_corrected_full_refit: restore verified fitted checkpoint
v4_joint_support_control: restore verified fitted checkpoint
v4_bounded_support_control: fit 158,319 prior rows
conditional_duration_bounded_v2: fit 158,319 prior rows
six_nations_2026_r3/empirical_event: predict complete pool
six_nations_2026_r3/robust_empirical_event: predict complete pool
six_nations_2026_r3/v4_corrected_full_refit: predict complete pool
six_nations_2026_r3/v4_joint_support_control: predict complete pool
six_nations_2026_r3/v4_bounded_support_control: predict complete pool
six_nations_2026_r3/p3_corrected_full_refit: predict complete pool
six_nations_2026_r3/conditional_duration_bounded_v2: predict complete pool
six_nations_2026_r3/p3_conditional_duration_bounded_v2: predict complete pool
              slate competition  season                    cutoff                                           engine   n  n_labelled  unknown_selected    xv  captain_extra  super_sub  total      mae      bias      rmse        captain            sub  assigned_role_total  assigned_role_super_sub  unknown_role_selected  selected_source_conflicts  total_lower_role_bound  total_upper_role_bound     outcome_contract
six_nations_2026_r3 six_nations    2026 2026-02-21T14:10:00+00:00                                  empirical_event 138         137                 0 368.0           41.0       54.0  463.0 7.599406  0.006413 10.313259 Antoine Dupont   Marcus Smith                463.0                     54.0                      0                          0                   463.0                   463.0 actual_role_entry_v1
six_nations_2026_r3 six_nations    2026 2026-02-21T14:10:00+00:00                           robust_empirical_event 138         137                 0 364.0           56.0       54.0  474.0 7.494857 -0.623846 10.298785   Thomas Ramos   Marcus Smith                474.0                     54.0                      0                          0                   474.0                   474.0 actual_role_entry_v1
six_nations_2026_r3 six_nations    2026 2026-02-21T14:10:00+00:00                          v4_corrected_full_refit 138         137                 0 349.0           41.0       27.0  417.0 7.453571 -0.331983 10.332198 Antoine Dupont   Lenni Nouchi                417.0                     27.0                      0                          0                   417.0                   417.0 actual_role_entry_v1
six_nations_2026_r3 six_nations    2026 2026-02-21T14:10:00+00:00                         v4_joint_support_control 138         137                 0 379.0           41.0       57.0  477.0 7.421090 -0.302051 10.262120 Antoine Dupont   Josh Bayliss                477.0                     57.0                      0                          0                   477.0                   477.0 actual_role_entry_v1
six_nations_2026_r3 six_nations    2026 2026-02-21T14:10:00+00:00                       v4_bounded_support_control 138         137                 0 349.0           41.0       27.0  417.0 7.406932 -0.300049 10.272470 Antoine Dupont   Lenni Nouchi                417.0                     27.0                      0                          0                   417.0                   417.0 actual_role_entry_v1
six_nations_2026_r3 six_nations    2026 2026-02-21T14:10:00+00:00                          p3_corrected_full_refit 138         137                 0 379.0           56.0       30.0  465.0 7.444668 -0.416508 10.214179   Thomas Ramos Archie Griffin                465.0                     30.0                      0                          0                   465.0                   465.0 actual_role_entry_v1
six_nations_2026_r3 six_nations    2026 2026-02-21T14:10:00+00:00                  conditional_duration_bounded_v2 138         137                 0 349.0           41.0       27.0  417.0 7.345599 -0.638487 10.229449 Antoine Dupont   Lenni Nouchi                417.0                     27.0                      0                          0                   417.0                   417.0 actual_role_entry_v1
six_nations_2026_r3 six_nations    2026 2026-02-21T14:10:00+00:00               p3_conditional_duration_bounded_v2 138         137                 0 377.0           56.0       30.0  463.0 7.407771 -0.563130 10.188433   Thomas Ramos Archie Griffin                463.0                     30.0                      0                          0                   463.0                   463.0 actual_role_entry_v1
six_nations_2026_r3 six_nations    2026 2026-02-21T14:10:00+00:00                      empirical_fantasy_corrected 138         137                 0 350.0           56.0       54.0  460.0 7.557482 -1.287701 10.613290   Thomas Ramos   Marcus Smith                460.0                     54.0                      0                          0                   460.0                   460.0 actual_role_entry_v1
six_nations_2026_r3 six_nations    2026 2026-02-21T14:10:00+00:00    conditional_duration_bounded_v2_mixture_floor 138         137                 0 349.0           41.0       27.0  417.0 7.345941 -0.631653 10.227843 Antoine Dupont   Lenni Nouchi                417.0                     27.0                      0                          0                   417.0                   417.0 actual_role_entry_v1
six_nations_2026_r3 six_nations    2026 2026-02-21T14:10:00+00:00 p3_conditional_duration_bounded_v2_mixture_floor 138         137                 0 377.0           56.0       30.0  463.0 7.407832 -0.562543 10.188256   Thomas Ramos Archie Griffin                463.0                     30.0                      0                          0                   463.0                   463.0 actual_role_entry_v1
